{
  "timestamp": 1523364075,
  "duration": 600,
  "graphType": "service",
  "elements": {
    "nodes": [
      {
        "data": {
          "id": "38a6a75b1f79f7be6464fb51c8f80744",
          "nodeType": "service",
          "cluster": "unknown",
          "namespace": "bankapp",
          "service": "deposit",
          "destServices": [
            {
              "cluster": "unknown",
              "namespace": "bankapp",
              "name": "deposit"
            }
          ],
          "traffic": [
            {
              "protocol": "grpc",
              "rates": {
                "grpcIn": "50.00"
              }
            }
          ],
          "isInaccessible": true,
          "isOutside": true
        }
      },
      {
        "data": {
          "id": "a7eca0fd957917dbc4261dcde45c5f0e",
          "nodeType": "service",
          "cluster": "unknown",
          "namespace": "bankapp",
          "service": "pricing",
          "destServices": [
            {
              "cluster": "unknown",
              "namespace": "bankapp",
              "name": "pricing"
            }
          ],
          "traffic": [
            {
              "protocol": "http",
              "rates": {
                "httpIn": "20.00"
              }
            }
          ],
          "isInaccessible": true,
          "isOutside": true
        }
      },
      {
        "data": {
          "id": "54a94ae2c0eb2b812652f935bf4e8e02",
          "nodeType": "service",
          "cluster": "unknown",
          "namespace": "bookinfo",
          "service": "details",
          "destServices": [
            {
              "cluster": "unknown",
              "namespace": "bookinfo",
              "name": "details"
            }
          ],
          "traffic": [
            {
              "protocol": "http",
              "rates": {
                "httpIn": "80.00",
                "httpIn3xx": "20.00",
                "httpIn4xx": "20.00",
                "httpIn5xx": "20.00"
              }
            }
          ]
        }
      },
      {
        "data": {
          "id": "2ed6d7c6166eb65a92dab83bf82f047b",
          "nodeType": "service",
          "cluster": "unknown",
          "namespace": "bookinfo",
          "service": "productpage",
          "destServices": [
            {
              "cluster": "unknown",
              "namespace": "bookinfo",
              "name": "productpage"
            }
          ],
          "traffic": [
            {
              "protocol": "http",
              "rates": {
                "httpIn": "170.00",
                "httpOut": "160.00"
              }
            },
            {
              "protocol": "tcp",
              "rates": {
                "tcpOut": "31.00"
              }
            }
          ]
        }
      },
      {
        "data": {
          "id": "b4358ad1724438c11aac643fe42abc18",
          "nodeType": "service",
          "cluster": "unknown",
          "namespace": "bookinfo",
          "service": "ratings",
          "destServices": [
            {
              "cluster": "unknown",
              "namespace": "bookinfo",
              "name": "ratings"
            }
          ],
          "traffic": [
            {
              "protocol": "http",
              "rates": {
                "httpIn": "60.00",
                "httpIn5xx": "20.00"
              }
            }
          ]
        }
      },
      {
        "data": {
          "id": "0ba1b71c02126ecb217c23ea5452b133",
          "nodeType": "service",
          "cluster": "unknown",
          "namespace": "bookinfo",
          "service": "reviews",
          "destServices": [
            {
              "cluster": "unknown",
              "namespace": "bookinfo",
              "name": "reviews"
            }
          ],
          "traffic": [
            {
              "protocol": "grpc",
              "rates": {
                "grpcOut": "50.00"
              }
            },
            {
              "protocol": "http",
              "rates": {
                "httpIn": "100.00",
                "httpOut": "124.00"
              }
            }
          ]
        }
      },
      {
        "data": {
          "id": "ddf880e71a8f43f7821c72220a811a68",
          "nodeType": "service",
          "cluster": "unknown",
          "namespace": "bookinfo",
          "service": "tcp",
          "destServices": [
            {
              "cluster": "unknown",
              "namespace": "bookinfo",
              "name": "tcp"
            }
          ],
          "traffic": [
            {
              "protocol": "tcp",
              "rates": {
                "tcpIn": "581.00"
              }
            }
          ]
        }
      },
      {
        "data": {
          "id": "d5644516f2f70a6e887a3d366876c647",
          "nodeType": "workload",
          "cluster": "unknown",
          "namespace": "istio-system",
          "workload": "ingressgateway-unknown",
          "app": "ingressgateway",
          "version": "latest",
          "traffic": [
            {
              "protocol": "http",
              "rates": {
                "httpOut": "100.00"
              }
            },
            {
              "protocol": "tcp",
              "rates": {
                "tcpOut": "150.00"
              }
            }
          ],
          "isInaccessible": true,
          "isOutside": true,
          "isRoot": true
        }
      },
      {
        "data": {
          "id": "c806ddbb86ea4bb8a9c7c8b6be3ce196",
          "nodeType": "service",
          "cluster": "unknown",
          "namespace": "unknown",
          "service": "unknown",
          "traffic": [
            {
              "protocol": "http",
              "rates": {
                "httpIn": "4.00",
                "httpIn4xx": "4.00"
              }
            }
          ],
          "isInaccessible": true
        }
      },
      {
        "data": {
          "id": "375ab940b56ae7bcf0f89cb1a7af5d44",
          "nodeType": "unknown",
          "cluster": "unknown",
          "namespace": "unknown",
          "workload": "unknown",
          "app": "unknown",
          "version": "unknown",
          "traffic": [
            {
              "protocol": "http",
              "rates": {
                "httpOut": "50.00"
              }
            },
            {
              "protocol": "tcp",
              "rates": {
                "tcpOut": "400.00"
              }
            }
          ],
          "isInaccessible": true,
          "isRoot": true
        }
      }
    ],
    "edges": [
      {
        "data": {
          "id": "49470f39583bd24d155af11bb0ce1055",
          "source": "0ba1b71c02126ecb217c23ea5452b133",
          "target": "0ba1b71c02126ecb217c23ea5452b133",
          "traffic": {
            "protocol": "http",
            "rates": {
              "http": "40.00",
              "httpPercentReq": "32.3"
            },
            "responses": {
              "200": {
                "flags": {
                  "-": "100.0"
                },
                "hosts": {
                  "reviews:9080": "100.0"
                }
              }
            }
          }
        }
      },
      {
        "data": {
          "id": "6d437759147aad8a7c15f225714dbc25",
          "source": "0ba1b71c02126ecb217c23ea5452b133",
          "target": "38a6a75b1f79f7be6464fb51c8f80744",
          "traffic": {
            "protocol": "grpc",
            "rates": {
              "grpc": "50.00",
              "grpcPercentReq": "100.0"
            },
            "responses": {
              "0": {
                "flags": {
                  "-": "100.0"
                },
                "hosts": {
                  "deposit:9080": "100.0"
                }
              }
            }
          }
        }
      },
      {
        "data": {
          "id": "f1a06587835a68345d2b2031e22b1f3b",
          "source": "0ba1b71c02126ecb217c23ea5452b133",
          "target": "a7eca0fd957917dbc4261dcde45c5f0e",
          "traffic": {
            "protocol": "http",
            "rates": {
              "http": "20.00",
              "httpPercentReq": "16.1"
            },
            "responses": {
              "200": {
                "flags": {
                  "-": "100.0"
                },
                "hosts": {
                  "pricing:9080": "100.0"
                }
              }
            }
          }
        }
      },
      {
        "data": {
          "id": "30fafda3cbef6f849f73dbf7d735875f",
          "source": "0ba1b71c02126ecb217c23ea5452b133",
          "target": "b4358ad1724438c11aac643fe42abc18",
          "traffic": {
            "protocol": "http",
            "rates": {
              "http": "60.00",
              "http5xx": "20.00",
              "httpPercentErr": "33.3",
              "httpPercentReq": "48.4"
            },
            "responses": {
              "200": {
                "flags": {
                  "-": "66.7"
                },
                "hosts": {
                  "ratings:9080": "66.7"
                }
              },
              "500": {
                "flags": {
                  "-": "33.3"
                },
                "hosts": {
                  "ratings:9080": "33.3"
                }
              }
            }
          }
        }
      },
      {
        "data": {
          "id": "01d13c580c685412c97f8b3556be56e9",
          "source": "0ba1b71c02126ecb217c23ea5452b133",
          "target": "c806ddbb86ea4bb8a9c7c8b6be3ce196",
          "traffic": {
            "protocol": "http",
            "rates": {
              "http": "4.00",
              "http4xx": "4.00",
              "httpPercentErr": "100.0",
              "httpPercentReq": "3.2"
            },
            "responses": {
              "404": {
                "flags": {
                  "NR": "100.0"
                },
                "hosts": {
                  "unknown": "100.0"
                }
              }
            }
          }
        }
      },
      {
        "data": {
          "id": "11a7fb37cc531ca27421eadf9d4dc165",
          "source": "2ed6d7c6166eb65a92dab83bf82f047b",
          "target": "0ba1b71c02126ecb217c23ea5452b133",
          "traffic": {
            "protocol": "http",
            "rates": {
              "http": "60.00",
              "httpPercentReq": "37.5"
            },
            "responses": {
              "200": {
                "flags": {
                  "-": "100.0"
                },
                "hosts": {
                  "reviews:9080": "100.0"
                }
              }
            }
          }
        }
      },
      {
        "data": {
          "id": "d9c30070c6d2022534716231674c8a73",
          "source": "2ed6d7c6166eb65a92dab83bf82f047b",
          "target": "2ed6d7c6166eb65a92dab83bf82f047b",
          "traffic": {
            "protocol": "http",
            "rates": {
              "http": "20.00",
              "httpPercentReq": "12.5"
            },
            "responses": {
              "200": {
                "flags": {
                  "-": "100.0"
                },
                "hosts": {
                  "productpage:9080": "100.0"
                }
              }
            }
          }
        }
      },
      {
        "data": {
          "id": "42b02af568fa73ca8fcaa41bac0f2f8f",
          "source": "2ed6d7c6166eb65a92dab83bf82f047b",
          "target": "54a94ae2c0eb2b812652f935bf4e8e02",
          "traffic": {
            "protocol": "http",
            "rates": {
              "http": "80.00",
              "http3xx": "20.00",
              "http4xx": "20.00",
              "http5xx": "20.00",
              "httpPercentErr": "50.0",
              "httpPercentReq": "50.0"
            },
            "responses": {
              "200": {
                "flags": {
                  "-": "25.0"
                },
                "hosts": {
                  "details:9080": "25.0"
                }
              },
              "300": {
                "flags": {
                  "-": "25.0"
                },
                "hosts": {
                  "details:9080": "25.0"
                }
              },
              "400": {
                "flags": {
                  "-": "25.0"
                },
                "hosts": {
                  "details:9080": "25.0"
                }
              },
              "500": {
                "flags": {
                  "-": "25.0"
                },
                "hosts": {
                  "details:9080": "25.0"
                }
              }
            }
          }
        }
      },
      {
        "data": {
          "id": "1f9ee8b12a9d79a5eeb72fc7985ed953",
          "source": "2ed6d7c6166eb65a92dab83bf82f047b",
          "target": "ddf880e71a8f43f7821c72220a811a68",
          "traffic": {
            "protocol": "tcp",
            "rates": {
              "tcp": "31.00"
            },
            "responses": {
              "-": {
                "flags": {
                  "-": "100.0"
                },
                "hosts": {
                  "tcp:9080": "100.0"
                }
              }
            }
          }
        }
      },
      {
        "data": {
          "id": "3bececea463fc1bce152cfe229e93bce",
          "source": "375ab940b56ae7bcf0f89cb1a7af5d44",
          "target": "2ed6d7c6166eb65a92dab83bf82f047b",
          "traffic": {
            "protocol": "http",
            "rates": {
              "http": "50.00",
              "httpPercentReq": "100.0"
            },
            "responses": {
              "200": {
                "flags": {
                  "-": "100.0"
                },
                "hosts": {
                  "productpage:9080": "100.0"
                }
              }
            }
          }
        }
      },
      {
        "data": {
          "id": "970728875182fe02d5c9d580aaab8ae8",
          "source": "375ab940b56ae7bcf0f89cb1a7af5d44",
          "target": "ddf880e71a8f43f7821c72220a811a68",
          "traffic": {
            "protocol": "tcp",
            "rates": {
              "tcp": "400.00"
            },
            "responses": {
              "-": {
                "flags": {
                  "-": "100.0"
                },
                "hosts": {
                  "tcp:9080": "100.0"
                }
              }
            }
          }
        }
      },
      {
        "data": {
          "id": "1253a38431743ab716e188b4a50b2095",
          "source": "d5644516f2f70a6e887a3d366876c647",
          "target": "2ed6d7c6166eb65a92dab83bf82f047b",
          "traffic": {
            "protocol": "http",
            "rates": {
              "http": "100.00",
              "httpPercentReq": "100.0"
            },
            "responses": {
              "200": {
                "flags": {
                  "-": "100.0"
                },
                "hosts": {
                  "productpage:9080": "100.0"
                }
              }
            }
          }
        }
      },
      {
        "data": {
          "id": "2f5ce577b4c7977268a1b3732a844448",
          "source": "d5644516f2f70a6e887a3d366876c647",
          "target": "ddf880e71a8f43f7821c72220a811a68",
          "traffic": {
            "protocol": "tcp",
            "rates": {
              "tcp": "150.00"
            },
            "responses": {
              "-": {
                "flags": {
                  "-": "100.0"
                },
                "hosts": {
                  "tcp:9080": "100.0"
                }
              }
            }
          }
        }
      }
    ]
  }
}
