{
  "timestamp": 1523364075,
  "duration": 600,
  "graphType": "workload",
  "elements": {
    "nodes": [
      {
        "data": {
          "id": "722acba99d3e761608c9797ae63494e4",
          "nodeType": "workload",
          "cluster": "unknown",
          "namespace": "bankapp",
          "workload": "deposit-v1",
          "app": "deposit",
          "version": "v1",
          "destServices": [
            {
              "cluster": "unknown",
              "namespace": "bankapp",
              "name": "deposit"
            }
          ],
          "traffic": [
            {
              "protocol": "grpc",
              "rates": {
                "grpcIn": "150.00"
              }
            }
          ],
          "isInaccessible": true,
          "isOutside": true
        }
      },
      {
        "data": {
          "id": "cd934145e81488df6b719eebcb068a28",
          "nodeType": "workload",
          "cluster": "unknown",
          "namespace": "bankapp",
          "workload": "pricing-v1",
          "app": "pricing",
          "version": "v1",
          "destServices": [
            {
              "cluster": "unknown",
              "namespace": "bankapp",
              "name": "pricing"
            }
          ],
          "traffic": [
            {
              "protocol": "http",
              "rates": {
                "httpIn": "20.00"
              }
            }
          ],
          "isInaccessible": true,
          "isOutside": true
        }
      },
      {
        "data": {
          "id": "b94359ba714ee15770e25d49d16b48bd",
          "nodeType": "workload",
          "cluster": "unknown",
          "namespace": "bookinfo",
          "workload": "kiali-2412",
          "traffic": [
            {
              "protocol": "http",
              "rates": {
                "httpIn": "50.00"
              }
            }
          ]
        }
      },
      {
        "data": {
          "id": "72e0aae7c2a0b5d06dd7cf0802c47316",
          "nodeType": "workload",
          "cluster": "unknown",
          "namespace": "bookinfo",
          "workload": "details-v1",
          "app": "details",
          "version": "v1",
          "destServices": [
            {
              "cluster": "unknown",
              "namespace": "bookinfo",
              "name": "details"
            }
          ],
          "traffic": [
            {
              "protocol": "http",
              "rates": {
                "httpIn": "80.00",
                "httpIn3xx": "20.00",
                "httpIn4xx": "20.00",
                "httpIn5xx": "20.00"
              }
            }
          ]
        }
      },
      {
        "data": {
          "id": "aa79c6b34228bebc55a417555ccc779e",
          "nodeType": "workload",
          "cluster": "unknown",
          "namespace": "bookinfo",
          "workload": "productpage-v1",
          "app": "productpage",
          "version": "v1",
          "destServices": [
            {
              "cluster": "unknown",
              "namespace": "bookinfo",
              "name": "productpage"
            }
          ],
          "traffic": [
            {
              "protocol": "http",
              "rates": {
                "httpIn": "170.00",
                "httpOut": "160.00"
              }
            },
            {
              "protocol": "tcp",
              "rates": {
                "tcpOut": "93.00"
              }
            }
          ]
        }
      },
      {
        "data": {
          "id": "de23ee22deb54cd006e50786eb5cca28",
          "nodeType": "workload",
          "cluster": "unknown",
          "namespace": "bookinfo",
          "workload": "ratings-v1",
          "app": "ratings",
          "version": "v1",
          "destServices": [
            {
              "cluster": "unknown",
              "namespace": "bookinfo",
              "name": "ratings"
            }
          ],
          "traffic": [
            {
              "protocol": "http",
              "rates": {
                "httpIn": "60.00",
                "httpIn5xx": "20.00"
              }
            }
          ]
        }
      },
      {
        "data": {
          "id": "21ba5dfa2ef5225b8e0c9a0c691590ba",
          "nodeType": "workload",
          "cluster": "unknown",
          "namespace": "bookinfo",
          "workload": "reviews-v1",
          "app": "reviews",
          "version": "v1",
          "destServices": [
            {
              "cluster": "unknown",
              "namespace": "bookinfo",
              "name": "reviews"
            }
          ],
          "traffic": [
            {
              "protocol": "http",
              "rates": {
                "httpIn": "20.00"
              }
            }
          ]
        }
      },
      {
        "data": {
          "id": "1a8c87d9d76558361eede9b4a830149d",
          "nodeType": "workload",
          "cluster": "unknown",
          "namespace": "bookinfo",
          "workload": "reviews-v2",
          "app": "reviews",
          "version": "v2",
          "destServices": [
            {
              "cluster": "unknown",
              "namespace": "bookinfo",
              "name": "reviews"
            }
          ],
          "traffic": [
            {
              "protocol": "http",
              "rates": {
                "httpIn": "40.00",
                "httpOut": "50.00"
              }
            }
          ]
        }
      },
      {
        "data": {
          "id": "a31610f853c036d085df2b80c2f24615",
          "nodeType": "workload",
          "cluster": "unknown",
          "namespace": "bookinfo",
          "workload": "reviews-v3",
          "app": "reviews",
          "version": "v3",
          "destServices": [
            {
              "cluster": "unknown",
              "namespace": "bookinfo",
              "name": "reviews"
            }
          ],
          "traffic": [
            {
              "protocol": "grpc",
              "rates": {
                "grpcOut": "150.00"
              }
            },
            {
              "protocol": "http",
              "rates": {
                "httpIn": "40.00",
                "httpOut": "74.00"
              }
            }
          ]
        }
      },
      {
        "data": {
          "id": "03533eaac2b4b0973ed07a0c2c7ef8d7",
          "nodeType": "workload",
          "cluster": "unknown",
          "namespace": "bookinfo",
          "workload": "tcp-v1",
          "app": "tcp",
          "version": "v1",
          "destServices": [
            {
              "cluster": "unknown",
              "namespace": "bookinfo",
              "name": "tcp"
            }
          ],
          "traffic": [
            {
              "protocol": "tcp",
              "rates": {
                "tcpIn": "1743.00"
              }
            }
          ]
        }
      },
      {
        "data": {
          "id": "d5644516f2f70a6e887a3d366876c647",
          "nodeType": "workload",
          "cluster": "unknown",
          "namespace": "istio-system",
          "workload": "ingressgateway-unknown",
          "app": "ingressgateway",
          "version": "latest",
          "traffic": [
            {
              "protocol": "http",
              "rates": {
                "httpOut": "100.00"
              }
            },
            {
              "protocol": "tcp",
              "rates": {
                "tcpOut": "450.00"
              }
            }
          ],
          "isInaccessible": true,
          "isOutside": true,
          "isRoot": true
        }
      },
      {
        "data": {
          "id": "c806ddbb86ea4bb8a9c7c8b6be3ce196",
          "nodeType": "service",
          "cluster": "unknown",
          "namespace": "unknown",
          "service": "unknown",
          "traffic": [
            {
              "protocol": "http",
              "rates": {
                "httpIn": "4.00",
                "httpIn4xx": "4.00"
              }
            }
          ],
          "isInaccessible": true
        }
      },
      {
        "data": {
          "id": "375ab940b56ae7bcf0f89cb1a7af5d44",
          "nodeType": "unknown",
          "cluster": "unknown",
          "namespace": "unknown",
          "workload": "unknown",
          "app": "unknown",
          "version": "unknown",
          "traffic": [
            {
              "protocol": "http",
              "rates": {
                "httpOut": "100.00"
              }
            },
            {
              "protocol": "tcp",
              "rates": {
                "tcpOut": "1200.00"
              }
            }
          ],
          "isInaccessible": true,
          "isRoot": true
        }
      }
    ],
    "edges": [
      {
        "data": {
          "id": "e18a95b6876b3a57dece9df6c5960e00",
          "source": "1a8c87d9d76558361eede9b4a830149d",
          "target": "1a8c87d9d76558361eede9b4a830149d",
          "traffic": {
            "protocol": "http",
            "rates": {
              "http": "20.00",
              "httpPercentReq": "40.0"
            },
            "responses": {
              "200": {
                "flags": {
                  "-": "100.0"
                },
                "hosts": {
                  "reviews:9080": "100.0"
                }
              }
            }
          }
        }
      },
      {
        "data": {
          "id": "4581ea6a7cfb76c4ead028975fe122ee",
          "source": "1a8c87d9d76558361eede9b4a830149d",
          "target": "de23ee22deb54cd006e50786eb5cca28",
          "traffic": {
            "protocol": "http",
            "rates": {
              "http": "30.00",
              "http5xx": "10.00",
              "httpPercentErr": "33.3",
              "httpPercentReq": "60.0"
            },
            "responses": {
              "200": {
                "flags": {
                  "-": "66.7"
                },
                "hosts": {
                  "ratings:9080": "66.7"
                }
              },
              "500": {
                "flags": {
                  "-": "33.3"
                },
                "hosts": {
                  "ratings:9080": "33.3"
                }
              }
            }
          }
        }
      },
      {
        "data": {
          "id": "55798fbf115d0652891f91961c34dbad",
          "source": "375ab940b56ae7bcf0f89cb1a7af5d44",
          "target": "03533eaac2b4b0973ed07a0c2c7ef8d7",
          "traffic": {
            "protocol": "tcp",
            "rates": {
              "tcp": "1200.00"
            },
            "responses": {
              "-": {
                "flags": {
                  "-": "100.0"
                },
                "hosts": {
                  "tcp:9080": "100.0"
                }
              }
            }
          }
        }
      },
      {
        "data": {
          "id": "fa247d902a148cae81ef8af8007614e8",
          "source": "375ab940b56ae7bcf0f89cb1a7af5d44",
          "target": "aa79c6b34228bebc55a417555ccc779e",
          "traffic": {
            "protocol": "http",
            "rates": {
              "http": "50.00",
              "httpPercentReq": "50.0"
            },
            "responses": {
              "200": {
                "flags": {
                  "-": "100.0"
                },
                "hosts": {
                  "productpage:9080": "100.0"
                }
              }
            }
          }
        }
      },
      {
        "data": {
          "id": "806203ba5574f9612c8a187798a2d39c",
          "source": "375ab940b56ae7bcf0f89cb1a7af5d44",
          "target": "b94359ba714ee15770e25d49d16b48bd",
          "traffic": {
            "protocol": "http",
            "rates": {
              "http": "50.00",
              "httpPercentReq": "50.0"
            },
            "responses": {
              "200": {
                "flags": {
                  "-": "100.0"
                }
              }
            }
          }
        }
      },
      {
        "data": {
          "id": "230f85dfbf8a828cfcd5379a49876de7",
          "source": "a31610f853c036d085df2b80c2f24615",
          "target": "722acba99d3e761608c9797ae63494e4",
          "traffic": {
            "protocol": "grpc",
            "rates": {
              "grpc": "150.00",
              "grpcPercentReq": "100.0"
            },
            "responses": {
              "-": {
                "hosts": {
                  "deposit:9080": "100.0"
                }
              }
            }
          }
        }
      },
      {
        "data": {
          "id": "3f8a2942530dec331ae8c5f2b30ab0a9",
          "source": "a31610f853c036d085df2b80c2f24615",
          "target": "a31610f853c036d085df2b80c2f24615",
          "traffic": {
            "protocol": "http",
            "rates": {
              "http": "20.00",
              "httpPercentReq": "27.0"
            },
            "responses": {
              "200": {
                "flags": {
                  "-": "100.0"
                },
                "hosts": {
                  "reviews:9080": "100.0"
                }
              }
            }
          }
        }
      },
      {
        "data": {
          "id": "fb49aeae0887f280fb73d939a4a2587f",
          "source": "a31610f853c036d085df2b80c2f24615",
          "target": "c806ddbb86ea4bb8a9c7c8b6be3ce196",
          "traffic": {
            "protocol": "http",
            "rates": {
              "http": "4.00",
              "http4xx": "4.00",
              "httpPercentErr": "100.0",
              "httpPercentReq": "5.4"
            },
            "responses": {
              "404": {
                "flags": {
                  "NR": "100.0"
                },
                "hosts": {
                  "unknown": "100.0"
                }
              }
            }
          }
        }
      },
      {
        "data": {
          "id": "64939a1e46f90349149e6767cb055fe6",
          "source": "a31610f853c036d085df2b80c2f24615",
          "target": "cd934145e81488df6b719eebcb068a28",
          "traffic": {
            "protocol": "http",
            "rates": {
              "http": "20.00",
              "httpPercentReq": "27.0"
            },
            "responses": {
              "200": {
                "flags": {
                  "-": "100.0"
                },
                "hosts": {
                  "pricing:9080": "100.0"
                }
              }
            }
          }
        }
      },
      {
        "data": {
          "id": "eedb14b8dcb593d3e25bdcc96c1e0597",
          "source": "a31610f853c036d085df2b80c2f24615",
          "target": "de23ee22deb54cd006e50786eb5cca28",
          "traffic": {
            "protocol": "http",
            "rates": {
              "http": "30.00",
              "http5xx": "10.00",
              "httpPercentErr": "33.3",
              "httpPercentReq": "40.5"
            },
            "responses": {
              "200": {
                "flags": {
                  "-": "66.7"
                },
                "hosts": {
                  "ratings:9080": "66.7"
                }
              },
              "500": {
                "flags": {
                  "-": "33.3"
                },
                "hosts": {
                  "ratings:9080": "33.3"
                }
              }
            }
          }
        }
      },
      {
        "data": {
          "id": "5686985336f05006df3ae891e7ff84d0",
          "source": "aa79c6b34228bebc55a417555ccc779e",
          "target": "03533eaac2b4b0973ed07a0c2c7ef8d7",
          "traffic": {
            "protocol": "tcp",
            "rates": {
              "tcp": "93.00"
            },
            "responses": {
              "-": {
                "flags": {
                  "-": "100.0"
                },
                "hosts": {
                  "tcp:9080": "100.0"
                }
              }
            }
          }
        }
      },
      {
        "data": {
          "id": "a2b341a531426e091380724ada4f9696",
          "source": "aa79c6b34228bebc55a417555ccc779e",
          "target": "1a8c87d9d76558361eede9b4a830149d",
          "traffic": {
            "protocol": "http",
            "rates": {
              "http": "20.00",
              "httpPercentReq": "12.5"
            },
            "responses": {
              "200": {
                "flags": {
                  "-": "100.0"
                },
                "hosts": {
                  "reviews:9080": "100.0"
                }
              }
            }
          }
        }
      },
      {
        "data": {
          "id": "b5a1efeea68049babb8c671e1ddab333",
          "source": "aa79c6b34228bebc55a417555ccc779e",
          "target": "21ba5dfa2ef5225b8e0c9a0c691590ba",
          "traffic": {
            "protocol": "http",
            "rates": {
              "http": "20.00",
              "httpPercentReq": "12.5"
            },
            "responses": {
              "200": {
                "flags": {
                  "-": "100.0"
                },
                "hosts": {
                  "reviews:9080": "100.0"
                }
              }
            }
          }
        }
      },
      {
        "data": {
          "id": "57ff66c55d3375a26dfb046f2f4b7be9",
          "source": "aa79c6b34228bebc55a417555ccc779e",
          "target": "72e0aae7c2a0b5d06dd7cf0802c47316",
          "traffic": {
            "protocol": "http",
            "rates": {
              "http": "80.00",
              "http3xx": "20.00",
              "http4xx": "20.00",
              "http5xx": "20.00",
              "httpPercentErr": "50.0",
              "httpPercentReq": "50.0"
            },
            "responses": {
              "200": {
                "flags": {
                  "-": "25.0"
                },
                "hosts": {
                  "details:9080": "25.0"
                }
              },
              "300": {
                "flags": {
                  "-": "25.0"
                },
                "hosts": {
                  "details:9080": "25.0"
                }
              },
              "400": {
                "flags": {
                  "-": "25.0"
                },
                "hosts": {
                  "details:9080": "25.0"
                }
              },
              "500": {
                "flags": {
                  "-": "25.0"
                },
                "hosts": {
                  "details:9080": "25.0"
                }
              }
            }
          }
        }
      },
      {
        "data": {
          "id": "e5370a71133c550e0a00af6ff72f8173",
          "source": "aa79c6b34228bebc55a417555ccc779e",
          "target": "a31610f853c036d085df2b80c2f24615",
          "traffic": {
            "protocol": "http",
            "rates": {
              "http": "20.00",
              "httpPercentReq": "12.5"
            },
            "responses": {
              "200": {
                "flags": {
                  "-": "100.0"
                },
                "hosts": {
                  "reviews:9080": "100.0"
                }
              }
            }
          }
        }
      },
      {
        "data": {
          "id": "cf999093be60dc6b63d5eca641f37c49",
          "source": "aa79c6b34228bebc55a417555ccc779e",
          "target": "aa79c6b34228bebc55a417555ccc779e",
          "traffic": {
            "protocol": "http",
            "rates": {
              "http": "20.00",
              "httpPercentReq": "12.5"
            },
            "responses": {
              "200": {
                "flags": {
                  "-": "100.0"
                },
                "hosts": {
                  "productpage:9080": "100.0"
                }
              }
            }
          }
        }
      },
      {
        "data": {
          "id": "ddc66fe0aacf6094ae85a13ab442f973",
          "source": "d5644516f2f70a6e887a3d366876c647",
          "target": "03533eaac2b4b0973ed07a0c2c7ef8d7",
          "traffic": {
            "protocol": "tcp",
            "rates": {
              "tcp": "450.00"
            },
            "responses": {
              "-": {
                "flags": {
                  "-": "100.0"
                },
                "hosts": {
                  "tcp:9080": "100.0"
                }
              }
            }
          }
        }
      },
      {
        "data": {
          "id": "57a9fcf6d2882fbe11c32989224d50b0",
          "source": "d5644516f2f70a6e887a3d366876c647",
          "target": "aa79c6b34228bebc55a417555ccc779e",
          "traffic": {
            "protocol": "http",
            "rates": {
              "http": "100.00",
              "httpPercentReq": "100.0"
            },
            "responses": {
              "200": {
                "flags": {
                  "-": "100.0"
                },
                "hosts": {
                  "productpage:9080": "100.0"
                }
              }
            }
          }
        }
      }
    ]
  }
}
