{
  "timestamp": 1523364075,
  "duration": 600,
  "graphType": "workload",
  "elements": {
    "nodes": [
      {
        "data": {
          "id": "72e0aae7c2a0b5d06dd7cf0802c47316",
          "nodeType": "workload",
          "cluster": "unknown",
          "namespace": "bookinfo",
          "workload": "details-v1",
          "app": "details",
          "version": "v1",
          "destServices": [
            {
              "cluster": "unknown",
              "namespace": "bookinfo",
              "name": "details"
            }
          ],
          "traffic": [
            {
              "protocol": "http",
              "rates": {
                "httpIn": "80.00",
                "httpIn3xx": "20.00",
                "httpIn4xx": "20.00",
                "httpIn5xx": "20.00"
              }
            }
          ]
        }
      },
      {
        "data": {
          "id": "aa79c6b34228bebc55a417555ccc779e",
          "nodeType": "workload",
          "cluster": "unknown",
          "namespace": "bookinfo",
          "workload": "productpage-v1",
          "app": "productpage",
          "version": "v1",
          "destServices": [
            {
              "cluster": "unknown",
              "namespace": "bookinfo",
              "name": "productpage"
            }
          ],
          "traffic": [
            {
              "protocol": "grpc",
              "rates": {
                "grpcOut": "93.00"
              }
            },
            {
              "protocol": "http",
              "rates": {
                "httpIn": "170.00",
                "httpOut": "164.00"
              }
            },
            {
              "protocol": "tcp",
              "rates": {
                "tcpOut": "93.00"
              }
            }
          ]
        }
      },
      {
        "data": {
          "id": "21ba5dfa2ef5225b8e0c9a0c691590ba",
          "nodeType": "workload",
          "cluster": "unknown",
          "namespace": "bookinfo",
          "workload": "reviews-v1",
          "app": "reviews",
          "version": "v1",
          "destServices": [
            {
              "cluster": "unknown",
              "namespace": "bookinfo",
              "name": "reviews"
            }
          ],
          "traffic": [
            {
              "protocol": "http",
              "rates": {
                "httpIn": "20.00"
              }
            }
          ]
        }
      },
      {
        "data": {
          "id": "1a8c87d9d76558361eede9b4a830149d",
          "nodeType": "workload",
          "cluster": "unknown",
          "namespace": "bookinfo",
          "workload": "reviews-v2",
          "app": "reviews",
          "version": "v2",
          "destServices": [
            {
              "cluster": "unknown",
              "namespace": "bookinfo",
              "name": "reviews"
            }
          ],
          "traffic": [
            {
              "protocol": "http",
              "rates": {
                "httpIn": "20.00"
              }
            }
          ]
        }
      },
      {
        "data": {
          "id": "a31610f853c036d085df2b80c2f24615",
          "nodeType": "workload",
          "cluster": "unknown",
          "namespace": "bookinfo",
          "workload": "reviews-v3",
          "app": "reviews",
          "version": "v3",
          "destServices": [
            {
              "cluster": "unknown",
              "namespace": "bookinfo",
              "name": "reviews"
            }
          ],
          "traffic": [
            {
              "protocol": "http",
              "rates": {
                "httpIn": "20.00"
              }
            }
          ]
        }
      },
      {
        "data": {
          "id": "03533eaac2b4b0973ed07a0c2c7ef8d7",
          "nodeType": "workload",
          "cluster": "unknown",
          "namespace": "bookinfo",
          "workload": "tcp-v1",
          "app": "tcp",
          "version": "v1",
          "destServices": [
            {
              "cluster": "unknown",
              "namespace": "bookinfo",
              "name": "tcp"
            }
          ],
          "traffic": [
            {
              "protocol": "grpc",
              "rates": {
                "grpcIn": "93.00"
              }
            },
            {
              "protocol": "tcp",
              "rates": {
                "tcpIn": "93.00"
              }
            }
          ]
        }
      },
      {
        "data": {
          "id": "d5644516f2f70a6e887a3d366876c647",
          "nodeType": "workload",
          "cluster": "unknown",
          "namespace": "istio-system",
          "workload": "ingressgateway-unknown",
          "app": "ingressgateway",
          "version": "latest",
          "traffic": [
            {
              "protocol": "http",
              "rates": {
                "httpOut": "100.00"
              }
            }
          ],
          "isInaccessible": true,
          "isOutside": true,
          "isRoot": true
        }
      },
      {
        "data": {
          "id": "c806ddbb86ea4bb8a9c7c8b6be3ce196",
          "nodeType": "service",
          "cluster": "unknown",
          "namespace": "unknown",
          "service": "unknown",
          "traffic": [
            {
              "protocol": "http",
              "rates": {
                "httpIn": "4.00",
                "httpIn4xx": "4.00"
              }
            }
          ],
          "isInaccessible": true
        }
      },
      {
        "data": {
          "id": "375ab940b56ae7bcf0f89cb1a7af5d44",
          "nodeType": "unknown",
          "cluster": "unknown",
          "namespace": "unknown",
          "workload": "unknown",
          "app": "unknown",
          "version": "unknown",
          "traffic": [
            {
              "protocol": "http",
              "rates": {
                "httpOut": "50.00"
              }
            }
          ],
          "isInaccessible": true,
          "isRoot": true
        }
      }
    ],
    "edges": [
      {
        "data": {
          "id": "fa247d902a148cae81ef8af8007614e8",
          "source": "375ab940b56ae7bcf0f89cb1a7af5d44",
          "target": "aa79c6b34228bebc55a417555ccc779e",
          "traffic": {
            "protocol": "http",
            "rates": {
              "http": "50.00",
              "httpPercentReq": "100.0"
            },
            "responses": {
              "200": {
                "flags": {
                  "-": "100.0"
                },
                "hosts": {
                  "productpage:9080": "100.0"
                }
              }
            }
          }
        }
      },
      {
        "data": {
          "id": "39033bbbf2cddfcaa9e77634b5f7305e",
          "source": "aa79c6b34228bebc55a417555ccc779e",
          "target": "03533eaac2b4b0973ed07a0c2c7ef8d7",
          "traffic": {
            "protocol": "grpc",
            "rates": {
              "grpc": "93.00",
              "grpcPercentReq": "100.0"
            },
            "responses": {
              "-": {
                "hosts": {
                  "tcp:9080": "100.0"
                }
              }
            }
          }
        }
      },
      {
        "data": {
          "id": "5686985336f05006df3ae891e7ff84d0",
          "source": "aa79c6b34228bebc55a417555ccc779e",
          "target": "03533eaac2b4b0973ed07a0c2c7ef8d7",
          "traffic": {
            "protocol": "tcp",
            "rates": {
              "tcp": "93.00"
            },
            "responses": {
              "-": {
                "flags": {
                  "-": "100.0"
                },
                "hosts": {
                  "tcp:9080": "100.0"
                }
              }
            }
          }
        }
      },
      {
        "data": {
          "id": "a2b341a531426e091380724ada4f9696",
          "source": "aa79c6b34228bebc55a417555ccc779e",
          "target": "1a8c87d9d76558361eede9b4a830149d",
          "traffic": {
            "protocol": "http",
            "rates": {
              "http": "20.00",
              "httpPercentReq": "12.2"
            },
            "responses": {
              "200": {
                "flags": {
                  "-": "100.0"
                },
                "hosts": {
                  "reviews:9080": "100.0"
                }
              }
            }
          }
        }
      },
      {
        "data": {
          "id": "b5a1efeea68049babb8c671e1ddab333",
          "source": "aa79c6b34228bebc55a417555ccc779e",
          "target": "21ba5dfa2ef5225b8e0c9a0c691590ba",
          "traffic": {
            "protocol": "http",
            "rates": {
              "http": "20.00",
              "httpPercentReq": "12.2"
            },
            "responses": {
              "200": {
                "flags": {
                  "-": "100.0"
                },
                "hosts": {
                  "reviews:9080": "100.0"
                }
              }
            }
          }
        }
      },
      {
        "data": {
          "id": "57ff66c55d3375a26dfb046f2f4b7be9",
          "source": "aa79c6b34228bebc55a417555ccc779e",
          "target": "72e0aae7c2a0b5d06dd7cf0802c47316",
          "traffic": {
            "protocol": "http",
            "rates": {
              "http": "80.00",
              "http3xx": "20.00",
              "http4xx": "20.00",
              "http5xx": "20.00",
              "httpPercentErr": "50.0",
              "httpPercentReq": "48.8"
            },
            "responses": {
              "200": {
                "flags": {
                  "-": "25.0"
                },
                "hosts": {
                  "details:9080": "25.0"
                }
              },
              "300": {
                "flags": {
                  "-": "25.0"
                },
                "hosts": {
                  "details:9080": "25.0"
                }
              },
              "400": {
                "flags": {
                  "-": "25.0"
                },
                "hosts": {
                  "details:9080": "25.0"
                }
              },
              "500": {
                "flags": {
                  "-": "25.0"
                },
                "hosts": {
                  "details:9080": "25.0"
                }
              }
            }
          }
        }
      },
      {
        "data": {
          "id": "e5370a71133c550e0a00af6ff72f8173",
          "source": "aa79c6b34228bebc55a417555ccc779e",
          "target": "a31610f853c036d085df2b80c2f24615",
          "traffic": {
            "protocol": "http",
            "rates": {
              "http": "20.00",
              "httpPercentReq": "12.2"
            },
            "responses": {
              "200": {
                "flags": {
                  "-": "100.0"
                },
                "hosts": {
                  "reviews:9080": "100.0"
                }
              }
            }
          }
        }
      },
      {
        "data": {
          "id": "cf999093be60dc6b63d5eca641f37c49",
          "source": "aa79c6b34228bebc55a417555ccc779e",
          "target": "aa79c6b34228bebc55a417555ccc779e",
          "traffic": {
            "protocol": "http",
            "rates": {
              "http": "20.00",
              "httpPercentReq": "12.2"
            },
            "responses": {
              "200": {
                "flags": {
                  "-": "100.0"
                },
                "hosts": {
                  "productpage:9080": "100.0"
                }
              }
            }
          }
        }
      },
      {
        "data": {
          "id": "b7b0f60aac03a71984c855c8215026f0",
          "source": "aa79c6b34228bebc55a417555ccc779e",
          "target": "c806ddbb86ea4bb8a9c7c8b6be3ce196",
          "traffic": {
            "protocol": "http",
            "rates": {
              "http": "4.00",
              "http4xx": "4.00",
              "httpPercentErr": "100.0",
              "httpPercentReq": "2.4"
            },
            "responses": {
              "404": {
                "flags": {
                  "NR": "100.0"
                },
                "hosts": {
                  "unknown": "100.0"
                }
              }
            }
          }
        }
      },
      {
        "data": {
          "id": "57a9fcf6d2882fbe11c32989224d50b0",
          "source": "d5644516f2f70a6e887a3d366876c647",
          "target": "aa79c6b34228bebc55a417555ccc779e",
          "traffic": {
            "protocol": "http",
            "rates": {
              "http": "100.00",
              "httpPercentReq": "100.0"
            },
            "responses": {
              "200": {
                "flags": {
                  "-": "100.0"
                },
                "hosts": {
                  "productpage:9080": "100.0"
                }
              }
            }
          }
        }
      }
    ]
  }
}
